// Jest Snapshot v1, https://goo.gl/fbAQLP

exports[`<App /> renders component correctly 1`] = `
.c1 {
  padding: 10px 15px;
  border-radius: 5px;
  background-color: #FF1744;
  color: white;
  font-weight: bold;
  cursor: pointer;
}

.c3 {
  padding: 10px 15px;
  border-radius: 5px;
  background-color: #304FFE;
  color: white;
  font-weight: bold;
  cursor: pointer;
}

.c0 {
  display: -webkit-box;
  display: -webkit-flex;
  display: -ms-flexbox;
  display: flex;
  min-height: 100vh;
  -webkit-align-items: center;
  -webkit-box-align: center;
  -ms-flex-align: center;
  align-items: center;
  -webkit-box-pack: center;
  -webkit-justify-content: center;
  -ms-flex-pack: center;
  justify-content: center;
  background-color: #F5F5F5;
}

.c2 {
  margin: 10px;
  width: 40px;
  text-align: center;
}

<div>
  <div
    class="c0"
  >
    <div
      class="c1"
    >
      -
    </div>
    <div
      class="c2"
    >
      0
    </div>
    <div
      class="c3"
    >
      +
    </div>
  </div>
</div>
`;
