// Jest Snapshot v1, https://goo.gl/fbAQLP

exports[`<Button /> renders component correctly 1`] = `
.c0 {
  padding: 10px 15px;
  border-radius: 5px;
  color: white;
  font-weight: bold;
  cursor: pointer;
}

<div>
  <div
    class="c0"
  >
    button
  </div>
</div>
`;
